I'm sorry, but errors were detected in your script. Please correct the
errors listed below, and try again.


File "game/script.rpy", line 203: expected statement.
    axjkan_jur_berel
                    ^

Ren'Py Version: Ren'Py 8.3.7.25031702
Fri May  2 13:11:49 2025
